contexts:
    local:
        endpoint: http://localhost:9081
        token: default
        platform: kubernetes
        components:
            - meshery-istio
        channel: stable
        version: latest
        provider: Meshery
    local2:
        endpoint: http://localhost:32242
        token: default2
        platform: docker
        components:
            - meshery-istio
        channel: stable
        version: latest
        provider: Meshery
    local3:
        endpoint: http://localhost:9081
        token: default
        platform: kubernetes
        channel: stable
        version: latest
        provider: Meshery
current-context: local
tokens:
    - name: default
      location: auth.json
    - name: default2
      location: auth.json
