context "local3" doesn't exists, run the following to create:

meshplayctl system context create local3
