
Current Context: local

endpoint: http://localhost:9081
token: default
token-location: auth.json
platform: kubernetes
components:
- meshplay-istio
channel: stable
version: latest
provider: Meshplay

