local:
  endpoint: http://localhost:9081
  token: default
  token-location: auth.json
  platform: kubernetes
  components:
  - meshplay-istio
  channel: stable
  version: latest
  provider: Meshplay
local2:
  endpoint: http://localhost:32242
  token: default2
  token-location: auth.json
  platform: docker
  components:
  - meshplay-istio
  channel: stable
  version: latest
  provider: Meshplay

