contexts:
    local:
        endpoint: http://localhost:9081
        token: default
        platform: docker
        components:
            - meshplay-istio
        channel: stable
        version: latest
current-context: local
tokens:
    - location: auth.json
      name: default
