name: SampleApp # display name in Meshplay UI
services:
  myapp:
    type: Application
    namespace: test
    settings:
      replicas: 1
      containers:
        - name: meshy
          image: utkarsh23/meshy:v5
          ports:
            - name: http
              containerPort: 8080