please enter a test URL.
See https://docs.meshplay.io/reference/meshplayctl/perf/apply for usage details
