Could not create specified token to config: error adding token: a token with same name already exists