downloading manifest files from https://github.com/meshplay/meshplay/tree/v0.6.140/install/deployment_yamls/k8s