Usage:
  system restart [flags]

Examples:

// Restart all Meshplay containers, their instances and their connected volumes
meshplayctl system restart

// (optional) skip checking for new updates available in Meshplay.
meshplayctl system restart --skip-update
	

Flags:
  -h, --help          help for restart
      --skip-update   (optional) skip checking for new Meshplay's container images.

Global Flags:
  -c, --context string   (optional) temporarily change the current context.
  -y, --yes              (optional) assume yes for user interactive prompts.

